# Func \ Stat	0: Prevalence (N)	1: Prevalence (frac)	2: Mean abundance	3: Mean explained (frac)	4: alpha contrib. div.	5: beta contrib. div.
A	3	0.75	22	0.909091	0	0
B	3	0.75	1	1	0.166667	0.666667
